   bool = {ed  "edgar", "pino"}[C[C[C[C[C[C[C[C[C[C[C[C[C[C[C[C[C
[33m{"edgar", "pino"}[0m
iex(2)> bol ol
[33m{"edgar", "pino"}[0m
iex(3)> list = 1[  [1,2,5][C[C[C[C[C[C[C
[33m[1, 2, 5][0m
iex(4)> list
[33m[1, 2, 5][0m
iex(5)> hd(list)[C[C[C[C[C[C
[33m1[0m
iex(6)> tl(list)[C[C[C[C[C[C
[33m[2, 5][0m
iex(7)> [a,b[ ,c][C[C[C[C[C[C[C = list
[33m[1, 2, 5][0m
iex(8)> a
[33m1[0m
iex(9)> c
[33m5[0m
iex(10)> b
[33m2[0m
iex(11)> a + c + b
[33m8[0m
iex(12)> p[  p { [head | tail][C[C[C[C[C[C[C[C[C[C[C[C[C = list
[33m[1, 2, 5][0m
iex(13)> tail
[33m[2, 5][0m
iex(14)> list 
[31m** (CompileError) iex:14: undefined function lis/0[0m
[31m    [0m
iex(14)> head
[33m1[0m
iex(15)> languages = ["Javascript", "Java","C++"][C[C[C[C[C[C[C[C[C[C[C[C[C[C[C[C[C[C[C[C[C[C[C[C[C[C[C[C
[33m["Javascript", "Java", "C++"][0m
iex(16)> languages
[33m["Javascript", "Java", "C++"][0m
iex(17)> languages = 1
[33m1[0m
iex(18)> languages
[33m1[0m
iex(19)> Maps
[33mMaps[0m
iex(20)> ma  y my- _map = %{}[C[C:}n}a}m}e}s} }=}>} }[}]}[C[C[C"]}E]}d]}g]}a]}r]}"]},]} ]}"]}m]}a]}r]}i]}a]}"]}[C[C
[33m%{names: ["Edgar", "maria"]}[0m
iex(21)> my_map
[33m%{names: ["Edgar", "maria"]}[0m
iex(22)>          iex(22)> my_map[' "names"][C[C[C[C[C[C[C[C[C
[33mnil[0m
iex(23)>          iex(23)> my_map["names"][C[C[C[C                        iex(23)> my_map               iex(23)> my_map["names"]] names] [C[C[C[C[C[C
[31m** (CompileError) iex:23: undefined function names/0[0m
[31m    [31m[1m(stdlib) [0m[31mlists.erl:1354: :lists.mapfoldl/3[0m
    [31m[1m(stdlib) [0m[31mlists.erl:1355: :lists.mapfoldl/3[0m[0m
iex(23)>          iex(23)> my_map[names][C[C[C[C       :names
[31m** (SyntaxError) iex:23: keyword argument must be followed by space after: my_map:[0m
[31m    [0m
iex(23)>          iex(23)> my_map:names                     iex(23)> my_map[names]                      iex(23)> my_map["names"]                        iex(23)> my_map               iex(23)> my_map = %{:names => ["Edgar", "maria"]}[C,} }"}g}e}n}d}} } } } v}o}t}e}s}"} }=}>} }1}2}[C
[33m%{:names => ["Edgar", "maria"], "votes" => 12}[0m
iex(24)>          iex(24)> my_map = %{:names => ["Edgar", "maria"], "votes" => 12}                                                                iex(24)> my_map:names                     iex(24)> my_map[names]                      iex(24)> my_map["names"]"] "] "] "] "] v"]o"]t"]e"]s"][C[C
[33m12[0m
iex(25)>          iex(25)> my_map["votes"]:votes"][C[C[C[C[C"] "] "] "] "] n"]a"]m"]e"]s"][C[C
[33mnil[0m
iex(26)>          iex(26)> my_map[":names"]] ] ] ] ] ] ] ] 0][C
[33mnil[0m
iex(27)>          iex(27)> my_map[0][C] 1][C
[33mnil[0m
iex(28)>          iex(28)> my_map[1]                  iex(28)> my_map[0]                  iex(28)> my_map[":names"][C[C[C[C
[33mnil[0m
iex(29)> List
[33mList[0m
iex(30)> List.
...(30)> 
...(30)> 
...(30)> 
...(30)> An error occurred trying to connect: read tcp 192.168.99.1:60481->192.168.99.100:2376: read: no route to host
read tcp 192.168.99.1:60482->192.168.99.100:2376: read: operation timed out
[1m[7m%[27m[1m[0m                                                                                                                                                                                                            ]2;edgar971@Edgars-MacBook-Pro: ~]1;~[0m[27m[24m[J[01;31mâžœ  [36m~[00m [K[?1h=[?2004h